mkdir -p tmp/git/no-todos
cd tmp/git/no-todos
git init --quiet .
bumbailiff
[1m[0m
ðŸŒ± [0;32m0 TODO-days accumulated (max allowance: 14 ðŸ’µ).[0m
echo $?
0
