mkdir -p tmp/git/one-zero-day-todo
cd tmp/git/one-zero-day-todo
git init --quiet .
echo "// TODO: 0-day old TODO" > file.js
git commit --quiet --allow-empty -m "Commit"
bumbailiff
[1m[0m
ðŸŒ± [0;32m0 TODO-days accumulated (max allowance: 14 ðŸ’µ).[0m
echo $?
0
